// Jest Snapshot v1, https://goo.gl/fbAQLP

exports[`getBuilder Requesting Python { type: 'pypy', version: '2.x.x' } leads to an error 1`] = `"Only CPython can be built from source. Got pypy."`;

exports[`getBuilder Requesting Python { type: 'pypy', version: '3.x.x' } leads to an error 1`] = `"Only CPython can be built from source. Got pypy."`;
