// Jest Snapshot v1, https://goo.gl/fbAQLP

exports[`Parsed inputs "allow-build" empty "allow-build" throws an Error 1`] = `"Unrecognized input value for "allow-build". Expected one of "allow", "info", "warn", "error". Got ""."`;

exports[`Parsed inputs "allow-build" using allow-build" with value "Al low" throws an Error 1`] = `"Unrecognized input value for "allow-build". Expected one of "allow", "info", "warn", "error". Got "Al low"."`;

exports[`Parsed inputs "allow-build" using allow-build" with value "In fo" throws an Error 1`] = `"Unrecognized input value for "allow-build". Expected one of "allow", "info", "warn", "error". Got "In fo"."`;

exports[`Parsed inputs "allow-build" using allow-build" with value "True" throws an Error 1`] = `"Unrecognized input value for "allow-build". Expected one of "allow", "info", "warn", "error". Got "True"."`;

exports[`Parsed inputs "allow-build" using allow-build" with value "false" throws an Error 1`] = `"Unrecognized input value for "allow-build". Expected one of "allow", "info", "warn", "error". Got "false"."`;

exports[`Parsed inputs "allow-build" using allow-build" with value "forbid" throws an Error 1`] = `"Unrecognized input value for "allow-build". Expected one of "allow", "info", "warn", "error". Got "forbid"."`;

exports[`Parsed inputs "allow-build" using allow-build" with value "no" throws an Error 1`] = `"Unrecognized input value for "allow-build". Expected one of "allow", "info", "warn", "error". Got "no"."`;

exports[`Parsed inputs "allow-build" using allow-build" with value "ok" throws an Error 1`] = `"Unrecognized input value for "allow-build". Expected one of "allow", "info", "warn", "error". Got "ok"."`;

exports[`Parsed inputs "allow-build" using allow-build" with value "yes" throws an Error 1`] = `"Unrecognized input value for "allow-build". Expected one of "allow", "info", "warn", "error". Got "yes"."`;

exports[`Parsed inputs "allow-prereleases" empty "allow-prereleases" throws an Error 1`] = `"Expected boolean value for input "allow-prereleases". Supported values are "true", "false", "True", "False", "TRUE", "FALSE". Got ""."`;

exports[`Parsed inputs "allow-prereleases" using "allow-prereleases" with value "0" throws an Error 1`] = `"Expected boolean value for input "allow-prereleases". Supported values are "true", "false", "True", "False", "TRUE", "FALSE". Got "0"."`;

exports[`Parsed inputs "allow-prereleases" using "allow-prereleases" with value "1" throws an Error 1`] = `"Expected boolean value for input "allow-prereleases". Supported values are "true", "false", "True", "False", "TRUE", "FALSE". Got "1"."`;

exports[`Parsed inputs "allow-prereleases" using "allow-prereleases" with value "FalSe" throws an Error 1`] = `"Expected boolean value for input "allow-prereleases". Supported values are "true", "false", "True", "False", "TRUE", "FALSE". Got "FalSe"."`;

exports[`Parsed inputs "allow-prereleases" using "allow-prereleases" with value "TRue" throws an Error 1`] = `"Expected boolean value for input "allow-prereleases". Supported values are "true", "false", "True", "False", "TRUE", "FALSE". Got "TRue"."`;

exports[`Parsed inputs "cache-build" empty "cache-build" throws an Error 1`] = `"Expected boolean value for input "cache-build". Supported values are "true", "false", "True", "False", "TRUE", "FALSE". Got ""."`;

exports[`Parsed inputs "cache-build" using "cache-build" with value "0" throws an Error 1`] = `"Expected boolean value for input "cache-build". Supported values are "true", "false", "True", "False", "TRUE", "FALSE". Got "0"."`;

exports[`Parsed inputs "cache-build" using "cache-build" with value "1" throws an Error 1`] = `"Expected boolean value for input "cache-build". Supported values are "true", "false", "True", "False", "TRUE", "FALSE". Got "1"."`;

exports[`Parsed inputs "cache-build" using "cache-build" with value "FalSe" throws an Error 1`] = `"Expected boolean value for input "cache-build". Supported values are "true", "false", "True", "False", "TRUE", "FALSE". Got "FalSe"."`;

exports[`Parsed inputs "cache-build" using "cache-build" with value "TRue" throws an Error 1`] = `"Expected boolean value for input "cache-build". Supported values are "true", "false", "True", "False", "TRUE", "FALSE". Got "TRue"."`;

exports[`Parsed inputs "check-latest" empty "check-latest" throws an Error 1`] = `"Expected boolean value for input "check-latest". Supported values are "true", "false", "True", "False", "TRUE", "FALSE". Got ""."`;

exports[`Parsed inputs "check-latest" using "check-latest" with value "0" throws an Error 1`] = `"Expected boolean value for input "check-latest". Supported values are "true", "false", "True", "False", "TRUE", "FALSE". Got "0"."`;

exports[`Parsed inputs "check-latest" using "check-latest" with value "1" throws an Error 1`] = `"Expected boolean value for input "check-latest". Supported values are "true", "false", "True", "False", "TRUE", "FALSE". Got "1"."`;

exports[`Parsed inputs "check-latest" using "check-latest" with value "FalSe" throws an Error 1`] = `"Expected boolean value for input "check-latest". Supported values are "true", "false", "True", "False", "TRUE", "FALSE". Got "FalSe"."`;

exports[`Parsed inputs "check-latest" using "check-latest" with value "TRue" throws an Error 1`] = `"Expected boolean value for input "check-latest". Supported values are "true", "false", "True", "False", "TRUE", "FALSE". Got "TRue"."`;

exports[`Parsed inputs "python-version" and "python-version-file" empty "python-version" and specified non-esisting "python-version-file" leads to a warning and a x.x.x version 1`] = `
[
  [
    "file doesn't exist.",
  ],
]
`;

exports[`Parsed inputs "python-version" and "python-version-file" specified "python-version" and specified existing "python-version-file" leads to a warning and to using "python-version" 1`] = `
[
  [
    "Both "python-version" and "python-version-file" inputs were supplied. Only "python-version" will be used.",
  ],
]
`;

exports[`Python version string Random string throws an Error 1`] = `"An invalid semver string was supplied. Got "random string.x.x"."`;
