// Jest Snapshot v1, https://goo.gl/fbAQLP

exports[`emitWarnings emit warning if label is not tested with osName: "Macos" and osVersion: "13.4.2" 1`] = `
[
  [
    "This action has been tested with labels macos-12, ubuntu-22.04, windows-2022. Detected label: macos-13. Action is not guaranteed to work",
  ],
]
`;

exports[`emitWarnings emit warning if label is not tested with osName: "Ubuntu" and osVersion: "20.04" 1`] = `
[
  [
    "This action has been tested with labels macos-12, ubuntu-22.04, windows-2022. Detected label: ubuntu-20.04. Action is not guaranteed to work",
  ],
]
`;

exports[`emitWarnings logs impossibility to gather information in core.debug 1`] = `
[
  [
    "Impossible to gather information about current platform. Emitting no warnings...",
  ],
]
`;
